
> dnd-spellbook-app@1.0.0 test
> vitest run


 RUN  v1.6.0 /Users/sjaconette/dnd/dnd-spellbook-manager

